{
  "hasTextKey": true,
  "textStyleRangeCount": 1,
  "firstRange": {
    "from": 0,
    "to": 12,
    "fontPostScriptName": "ArialMT",
    "fontSize": 48
  }
}